This is pdfTeX, Version 3.141592653-2.6-1.40.28 (TeX Live 2025) (preloaded format=pdflatex 2026.2.18)  22 FEB 2026 17:48
entering extended mode
 restricted \write18 enabled.
 file:line:error style messages enabled.
 %&-line parsing enabled.
**/data/parietal/store3/work/ggomezji/projects/diff_benchmark/MICCAI2026-Latex-Template/main
(/data/parietal/store3/work/ggomezji/projects/diff_benchmark/MICCAI2026-Latex-Template/main.tex
LaTeX2e <2025-11-01>
L3 programming layer <2026-01-19>
(./llncs.cls
Document Class: llncs 2024/01/29 v2.24 
 LaTeX document class for Lecture Notes in Computer Science
(/data/parietal/store4/work/ggomezji/texlive/2025/texmf-dist/tex/latex/base/article.cls
Document Class: article 2025/01/22 v1.4n Standard LaTeX document class
(/data/parietal/store4/work/ggomezji/texlive/2025/texmf-dist/tex/latex/base/size10.clo
File: size10.clo 2025/01/22 v1.4n Standard LaTeX file (size option)
)
\c@part=\count275
\c@section=\count276
\c@subsection=\count277
\c@subsubsection=\count278
\c@paragraph=\count279
\c@subparagraph=\count280
\c@figure=\count281
\c@table=\count282
\abovecaptionskip=\skip49
\belowcaptionskip=\skip50
\bibindent=\dimen148
) (/data/parietal/store4/work/ggomezji/texlive/2025/texmf-dist/tex/latex/tools/multicol.sty
Package: multicol 2025/10/21 v2.0b multicolumn formatting (FMi)
\c@tracingmulticols=\count283
\mult@box=\box53
\multicol@leftmargin=\dimen149
\c@unbalance=\count284
\c@collectmore=\count285
\doublecol@number=\count286
\multicoltolerance=\count287
\multicolpretolerance=\count288
\full@width=\dimen150
\page@free=\dimen151
\premulticols=\dimen152
\postmulticols=\dimen153
\multicolsep=\skip51
\multicolbaselineskip=\skip52
\partial@page=\box54
\last@line=\box55
\mc@boxedresult=\box56
\maxbalancingoverflow=\dimen154
\mult@rightbox=\box57
\mult@grightbox=\box58
\mult@firstbox=\box59
\mult@gfirstbox=\box60
\@tempa=\box61
\@tempa=\box62
\@tempa=\box63
\@tempa=\box64
\@tempa=\box65
\@tempa=\box66
\@tempa=\box67
\@tempa=\box68
\@tempa=\box69
\@tempa=\box70
\@tempa=\box71
\@tempa=\box72
\@tempa=\box73
\@tempa=\box74
\@tempa=\box75
\@tempa=\box76
\@tempa=\box77
\@tempa=\box78
\@tempa=\box79
\@tempa=\box80
\@tempa=\box81
\@tempa=\box82
\@tempa=\box83
\@tempa=\box84
\@tempa=\box85
\@tempa=\box86
\@tempa=\box87
\@tempa=\box88
\@tempa=\box89
\@tempa=\box90
\@tempa=\box91
\@tempa=\box92
\@tempa=\box93
\@tempa=\box94
\@tempa=\box95
\@tempa=\box96
\c@minrows=\count289
\c@columnbadness=\count290
\c@finalcolumnbadness=\count291
\last@try=\dimen155
\multicolovershoot=\dimen156
\multicolundershoot=\dimen157
\mult@nat@firstbox=\box97
\colbreak@box=\box98
\mc@col@check@num=\count292
\g__mc_curr_col_int=\count293
) (/data/parietal/store4/work/ggomezji/texlive/2025/texmf-dist/tex/latex/oberdiek/aliascnt.sty
Package: aliascnt 2018/09/07 v1.5 Alias counters (HO)
)
\c@chapter=\count294
LaTeX Font Info:    Redeclaring math symbol \Gamma on input line 379.
LaTeX Font Info:    Redeclaring math symbol \Delta on input line 380.
LaTeX Font Info:    Redeclaring math symbol \Theta on input line 381.
LaTeX Font Info:    Redeclaring math symbol \Lambda on input line 382.
LaTeX Font Info:    Redeclaring math symbol \Xi on input line 383.
LaTeX Font Info:    Redeclaring math symbol \Pi on input line 384.
LaTeX Font Info:    Redeclaring math symbol \Sigma on input line 385.
LaTeX Font Info:    Redeclaring math symbol \Upsilon on input line 386.
LaTeX Font Info:    Redeclaring math symbol \Phi on input line 387.
LaTeX Font Info:    Redeclaring math symbol \Psi on input line 388.
LaTeX Font Info:    Redeclaring math symbol \Omega on input line 389.
LaTeX Info: Redefining \vec on input line 394.
\tocchpnum=\dimen158
\tocsecnum=\dimen159
\tocsectotal=\dimen160
\tocsubsecnum=\dimen161
\tocsubsectotal=\dimen162
\tocsubsubsecnum=\dimen163
\tocsubsubsectotal=\dimen164
\tocparanum=\dimen165
\tocparatotal=\dimen166
\tocsubparanum=\dimen167
\@tempcntc=\count295
\fnindent=\dimen168
\c@@inst=\count296
\c@@auth=\count297
\c@auco=\count298
\instindent=\dimen169
\authrun=\box99
\authorrunning=\toks17
\tocauthor=\toks18
\titrun=\box100
\titlerunning=\toks19
\toctitle=\toks20
\c@theorem=\count299
\c@case=\count300
\c@conjecture=\count301
\c@corollary=\count302
\c@definition=\count303
\c@example=\count304
\c@exercise=\count305
\c@lemma=\count306
\c@note=\count307
\c@problem=\count308
\c@property=\count309
\c@proposition=\count310
\c@question=\count311
\c@solution=\count312
\c@remark=\count313
\headlineindent=\dimen170
) (/data/parietal/store4/work/ggomezji/texlive/2025/texmf-dist/tex/latex/base/fontenc.sty
Package: fontenc 2025/07/18 v2.1d Standard LaTeX package
) (/data/parietal/store4/work/ggomezji/texlive/2025/texmf-dist/tex/latex/graphics/graphicx.sty
Package: graphicx 2024/12/31 v1.2e Enhanced LaTeX Graphics (DPC,SPQR)
 (/data/parietal/store4/work/ggomezji/texlive/2025/texmf-dist/tex/latex/graphics/keyval.sty
Package: keyval 2022/05/29 v1.15 key=value parser (DPC)
\KV@toks@=\toks21
) (/data/parietal/store4/work/ggomezji/texlive/2025/texmf-dist/tex/latex/graphics/graphics.sty
Package: graphics 2024/08/06 v1.4g Standard LaTeX Graphics (DPC,SPQR)
 (/data/parietal/store4/work/ggomezji/texlive/2025/texmf-dist/tex/latex/graphics/trig.sty
Package: trig 2023/12/02 v1.11 sin cos tan (DPC)
) (/data/parietal/store4/work/ggomezji/texlive/2025/texmf-dist/tex/latex/graphics-cfg/graphics.cfg
File: graphics.cfg 2016/06/04 v1.11 sample graphics configuration
)
Package graphics Info: Driver file: pdftex.def on input line 106.
 (/data/parietal/store4/work/ggomezji/texlive/2025/texmf-dist/tex/latex/graphics-def/pdftex.def
File: pdftex.def 2025/09/29 v1.2d Graphics/color driver for pdftex
))
\Gin@req@height=\dimen171
\Gin@req@width=\dimen172
) (/data/parietal/store4/work/ggomezji/texlive/2025/texmf-dist/tex/latex/tools/verbatim.sty
Package: verbatim 2024-01-22 v1.5x LaTeX2e package for verbatim enhancements
\every@verbatim=\toks22
\verbatim@line=\toks23
\verbatim@in@stream=\read2
) (/data/parietal/store4/work/ggomezji/texlive/2025/texmf-dist/tex/latex/l3backend/l3backend-pdftex.def
File: l3backend-pdftex.def 2025-10-09 L3 backend support: PDF output (pdfTeX)
\l__color_backend_stack_int=\count314
) (./main.aux)
\openout1 = `main.aux'.

LaTeX Font Info:    Checking defaults for OML/cmm/m/it on input line 21.
LaTeX Font Info:    ... okay on input line 21.
LaTeX Font Info:    Checking defaults for OMS/cmsy/m/n on input line 21.
LaTeX Font Info:    ... okay on input line 21.
LaTeX Font Info:    Checking defaults for OT1/cmr/m/n on input line 21.
LaTeX Font Info:    ... okay on input line 21.
LaTeX Font Info:    Checking defaults for T1/cmr/m/n on input line 21.
LaTeX Font Info:    ... okay on input line 21.
LaTeX Font Info:    Checking defaults for TS1/cmr/m/n on input line 21.
LaTeX Font Info:    ... okay on input line 21.
LaTeX Font Info:    Checking defaults for OMX/cmex/m/n on input line 21.
LaTeX Font Info:    ... okay on input line 21.
LaTeX Font Info:    Checking defaults for U/cmr/m/n on input line 21.
LaTeX Font Info:    ... okay on input line 21.
 (/data/parietal/store4/work/ggomezji/texlive/2025/texmf-dist/tex/context/base/mkii/supp-pdf.mkii
[Loading MPS to PDF converter (version 2006.09.02).]
\scratchcounter=\count315
\scratchdimen=\dimen173
\scratchbox=\box101
\nofMPsegments=\count316
\nofMParguments=\count317
\everyMPshowfont=\toks24
\MPscratchCnt=\count318
\MPscratchDim=\dimen174
\MPnumerator=\count319
\makeMPintoPDFobject=\count320
\everyMPtoPDFconversion=\toks25
) (/data/parietal/store4/work/ggomezji/texlive/2025/texmf-dist/tex/latex/epstopdf-pkg/epstopdf-base.sty
Package: epstopdf-base 2020-01-24 v2.11 Base part for package epstopdf
Package epstopdf-base Info: Redefining graphics rule for `.eps' on input line 485.
 (/data/parietal/store4/work/ggomezji/texlive/2025/texmf-dist/tex/latex/latexconfig/epstopdf-sys.cfg
File: epstopdf-sys.cfg 2010/07/13 v1.3 Configuration of (r)epstopdf for TeX Live
))
LaTeX Font Info:    External font `cmex10' loaded for size
(Font)              <7> on input line 51.
LaTeX Font Info:    External font `cmex10' loaded for size
(Font)              <5> on input line 51.
 (./tex/introduction.tex [1

{/data/parietal/store4/work/ggomezji/texlive/2025/texmf-var/fonts/map/pdftex/updmap/pdftex.map}]) (./tex/benchmark.tex
<scheme.pdf, id=13, 1570.86874pt x 853.1875pt>
File: scheme.pdf Graphic file (type pdf)
<use scheme.pdf>
Package pdftex.def Info: scheme.pdf  used on input line 14.
(pdftex.def)             Requested size: 347.12354pt x 188.53502pt.
 [2] [3 <./scheme.pdf>]
Overfull \hbox (7.25076pt too wide) in paragraph at lines 112--124
 \T1/cmr/m/it/10 White Mat-ter Rep-re-sen-ta-tion[] \T1/cmr/m/n/10 White mat-ter mi-crostruc-ture was rep-re-sented within
 []

[4] [5]) (./tex/results.tex
<../exp_outputs/summary/plots/folds/combined_model_vs_prep.png, id=702, 456.5055pt x 200.9106pt>
File: ../exp_outputs/summary/plots/folds/combined_model_vs_prep.png Graphic file (type png)
<use ../exp_outputs/summary/plots/folds/combined_model_vs_prep.png>
Package pdftex.def Info: ../exp_outputs/summary/plots/folds/combined_model_vs_prep.png  used on input line 15.
(pdftex.def)             Requested size: 347.12354pt x 152.77026pt.
 [6]
<../exp_outputs/summary/plots/folds/white_vs_gray_tscore_dataset_feature_combined.png, id=709, 540.0978pt x 214.8828pt>
File: ../exp_outputs/summary/plots/folds/white_vs_gray_tscore_dataset_feature_combined.png Graphic file (type png)
<use ../exp_outputs/summary/plots/folds/white_vs_gray_tscore_dataset_feature_combined.png>
Package pdftex.def Info: ../exp_outputs/summary/plots/folds/white_vs_gray_tscore_dataset_feature_combined.png  used on input line 33.
(pdftex.def)             Requested size: 347.12354pt x 138.10486pt.
<../exp_outputs/summary/plots/features/feature_benefit_heatmap.png, id=710, 522.9939pt x 176.8206pt>
File: ../exp_outputs/summary/plots/features/feature_benefit_heatmap.png Graphic file (type png)
<use ../exp_outputs/summary/plots/features/feature_benefit_heatmap.png>
Package pdftex.def Info: ../exp_outputs/summary/plots/features/feature_benefit_heatmap.png  used on input line 73.
(pdftex.def)             Requested size: 347.12354pt x 117.36296pt.
) (./tex/conclusion.tex [7 <../exp_outputs/summary/plots/folds/combined_model_vs_prep.png>] [8 <../exp_outputs/summary/plots/folds/white_vs_gray_tscore_dataset_feature_combined.png> <../exp_outputs/summary/plots/features/feature_benefit_heatmap.png>]
Overfull \hbox (21.48456pt too wide) in paragraph at lines 54--58
[]\T1/cmr/m/n/10 Ultimately, we hope this frame-work en-cour-ages a shift from iso-lated, configuration-
 []

)
LaTeX Font Info:    External font `cmex10' loaded for size
(Font)              <9> on input line 93.
LaTeX Font Info:    External font `cmex10' loaded for size
(Font)              <6> on input line 93.
 [9] (./main.bbl [10]) [11] (./main.aux)
 ***********
LaTeX2e <2025-11-01>
L3 programming layer <2026-01-19>
 ***********
 ) 
Here is how much of TeX's memory you used:
 2159 strings out of 469005
 34828 string characters out of 5450604
 443756 words of memory out of 5000000
 30851 multiletter control sequences out of 15000+600000
 638144 words of font info for 59 fonts, out of 8000000 for 9000
 319 hyphenation exceptions out of 8191
 57i,9n,65p,471b,322s stack positions out of 10000i,1000n,20000p,200000b,200000s
 </data/parietal/store4/work/ggomezji/.texlive2025/texmf-var/fonts/pk/ljfour/jknappen/ec/ecrm0600.600pk> </data/parietal/store4/work/ggomezji/.texlive2025/texmf-var/fonts/pk/ljfour/jknappen/ec/tcrm1000.600pk> </data/parietal/store4/work/ggomezji/.texlive2025/texmf-var/fonts/pk/ljfour/jknappen/ec/ecti1000.600pk> </data/parietal/store4/work/ggomezji/.texlive2025/texmf-var/fonts/pk/ljfour/jknappen/ec/ecbx1000.600pk> </data/parietal/store4/work/ggomezji/.texlive2025/texmf-var/fonts/pk/ljfour/jknappen/ec/ecbx1200.600pk> </data/parietal/store4/work/ggomezji/.texlive2025/texmf-var/fonts/pk/ljfour/jknappen/ec/tcrm0900.600pk> </data/parietal/store4/work/ggomezji/.texlive2025/texmf-var/fonts/pk/ljfour/jknappen/ec/ecbx0900.600pk> </data/parietal/store4/work/ggomezji/.texlive2025/texmf-var/fonts/pk/ljfour/jknappen/ec/ectt0900.600pk> </data/parietal/store4/work/ggomezji/.texlive2025/texmf-var/fonts/pk/ljfour/jknappen/ec/ecrm0900.600pk> </data/parietal/store4/work/ggomezji/.texlive2025/texmf-var/fonts/pk/ljfour/jknappen/ec/ecrm1000.600pk> </data/parietal/store4/work/ggomezji/.texlive2025/texmf-var/fonts/pk/ljfour/jknappen/ec/ecbx1440.600pk></data/parietal/store4/work/ggomezji/texlive/2025/texmf-dist/fonts/type1/public/amsfonts/cm/cmmi10.pfb></data/parietal/store4/work/ggomezji/texlive/2025/texmf-dist/fonts/type1/public/amsfonts/cm/cmr10.pfb></data/parietal/store4/work/ggomezji/texlive/2025/texmf-dist/fonts/type1/public/amsfonts/cm/cmr7.pfb></data/parietal/store4/work/ggomezji/texlive/2025/texmf-dist/fonts/type1/public/amsfonts/cm/cmsy10.pfb>
Output written on main.pdf (11 pages, 1361873 bytes).
PDF statistics:
 1087 PDF objects out of 1200 (max. 8388607)
 418 compressed objects within 5 object streams
 0 named destinations out of 1000 (max. 500000)
 21 words of extra memory for PDF output out of 10000 (max. 10000000)

